// Jest Snapshot v1, https://goo.gl/fbAQLP

exports[`Filter Component renders correctly 1`] = `
<View
  accessible={true}
  collapsable={false}
  focusable={true}
  nativeID="animatedComponent"
  onClick={[Function]}
  onResponderGrant={[Function]}
  onResponderMove={[Function]}
  onResponderRelease={[Function]}
  onResponderTerminate={[Function]}
  onResponderTerminationRequest={[Function]}
  onStartShouldSetResponder={[Function]}
  style={
    Object {
      "backgroundColor": "white",
      "borderColor": "black",
      "borderRadius": 20,
      "borderWidth": 1,
      "opacity": 1,
      "overflow": "hidden",
      "padding": 10,
    }
  }
  testID="Filter"
>
  <View>
    <Text
      style={
        Object {
          "color": "black",
          "fontWeight": "bold",
        }
      }
    >
      Jobs
    </Text>
  </View>
</View>
`;
